// Vitest Snapshot v1, https://vitest.dev/guide/snapshot.html

exports[`Fieldset > renders component 1`] = `
<DocumentFragment>
  <fieldset
    class="_container_36b2da"
  >
    <label
      for="field"
    >
      <p
        class="_md_5ee93d _text_36b2da"
      >
        field
      </p>
    </label>
    Form field set
  </fieldset>
</DocumentFragment>
`;
